// Jest Snapshot v1, https://goo.gl/fbAQLP

exports[`Cart component renders and matches the snapshot 1`] = `
<header>
  <CloseButton
    onClick={[Function]}
    title="close"
  >
    <button
      className="CloseButton-sc-1seb878-0 efeUCW"
      onClick={[Function]}
      title="close"
    >
      X
    </button>
  </CloseButton>
  <Supreme>
    <h3
      className="Supreme-xv30qb-0 ldQnIo"
    >
      Miss Coleman Berge
      's Cart
    </h3>
  </Supreme>
  <p>
    You have 
    1
     different item
     in your cart
  </p>
</header>
`;
